// Jest Snapshot v1, https://goo.gl/fbAQLP

exports[`renders MachineDetails component without crashing. 1`] = `ShallowWrapper {}`;
